(cx-gui-do cx-activate-item "MenuBar*ReadSubMenu*Mesh...")
(cx-gui-do cx-set-text-entry "Select File*FilterText" "d:\matlabfile\icem\project\*")
(cx-gui-do cx-activate-item "Select File*Apply")
(cx-gui-do cx-set-text-entry "Select File*Text" "QUAD15-180.msh")
(cx-gui-do cx-activate-item "Select File*OK")
(cx-gui-do cx-activate-item "General*Frame1*Table1*Frame1(Mesh)*ButtonBox1(Mesh)*PushButton1(Scale)")
(cx-gui-do cx-set-list-selections "Scale Mesh*Frame2(Scaling)*Table2(Scaling)*DropDownList2(Mesh Was Created In)" '( 3))
(cx-gui-do cx-activate-item "Scale Mesh*Frame2(Scaling)*Table2(Scaling)*DropDownList2(Mesh Was Created In)")
(cx-gui-do cx-activate-item "Scale Mesh*Frame2(Scaling)*Table2(Scaling)*PushButton4(Scale)")
(cx-gui-do cx-set-list-selections "Scale Mesh*DropDownList3(View Length Unit In)" '( 2))
(cx-gui-do cx-activate-item "Scale Mesh*DropDownList3(View Length Unit In)")
(cx-gui-do cx-activate-item "Scale Mesh*PanelButtons*PushButton1(Close)")
(cx-gui-do cx-set-toggle-button "General*Frame1*Table1*Frame2(Solver)*Table2(Solver)*ToggleBox5(Time)*Transient" #f)
(cx-gui-do cx-activate-item "General*Frame1*Table1*Frame2(Solver)*Table2(Solver)*ToggleBox5(Time)*Transient")
(cx-gui-do cx-set-list-tree-selections "NavigationPane*List_Tree1" (list "Setup"))
(cx-gui-do cx-set-list-tree-selections "NavigationPane*List_Tree1" (list "Setup|Models|Viscous (Laminar)"))
(cx-gui-do cx-set-list-tree-selections "NavigationPane*List_Tree1" (list "Setup|Models|Viscous (Laminar)"))
(cx-gui-do cx-activate-item "NavigationPane*List_Tree1")
(cx-gui-do cx-set-toggle-button "Viscous Model*Frame1*Table1*Frame1(Model)*ToggleBox1(Model)*k-omega (2 eqn)" #f)
(cx-gui-do cx-activate-item "Viscous Model*Frame1*Table1*Frame1(Model)*ToggleBox1(Model)*k-omega (2 eqn)")
(cx-gui-do cx-set-toggle-button "Viscous Model*Frame1*Table1*Frame7(k-omega Model)*ToggleBox7(k-omega Model)*SST" #f)
(cx-gui-do cx-activate-item "Viscous Model*Frame1*Table1*Frame7(k-omega Model)*ToggleBox7(k-omega Model)*SST")
(cx-gui-do cx-activate-item "Viscous Model*PanelButtons*PushButton1(OK)")
(cx-gui-do cx-set-list-tree-selections "NavigationPane*List_Tree1" (list "Setup|Mesh Interfaces"))
(cx-gui-do cx-list-tree-right-click "NavigationPane*List_Tree1" )
(cx-gui-do cx-activate-item "MenuBar*PopupMenuTree-Mesh Interfaces*New...")
(cx-gui-do cx-set-list-selections "Create/Edit Mesh Interfaces *Frame1*Table1*Frame2*List2" '( 0))
(cx-gui-do cx-activate-item "Create/Edit Mesh Interfaces *Frame1*Table1*Frame2*List2")
(cx-gui-do cx-set-list-selections "Create/Edit Mesh Interfaces *Frame1*Table1*Frame3*List3" '( 1))
(cx-gui-do cx-activate-item "Create/Edit Mesh Interfaces *Frame1*Table1*Frame3*List3")
(cx-gui-do cx-set-text-entry "Create/Edit Mesh Interfaces *Frame1*Table1*TextEntry4(Mesh Interface)" "contact")
(cx-gui-do cx-activate-item "Create/Edit Mesh Interfaces *PanelButtons*PushButton1(OK)")
(cx-gui-do cx-activate-item "Create/Edit Mesh Interfaces *PanelButtons*PushButton2(Cancel)")
(cx-gui-do cx-set-list-tree-selections "NavigationPane*List_Tree1" (list "Setup|Cell Zone Conditions|rotational (fluid)"))
(cx-gui-do cx-set-list-tree-selections "NavigationPane*List_Tree1" (list "Setup|Cell Zone Conditions|rotational (fluid)"))
(cx-gui-do cx-activate-item "NavigationPane*List_Tree1")
(cx-gui-do cx-set-toggle-button "fluid-8-1*Frame4*Table4*CheckButton2(Mesh Motion)" #f)
(cx-gui-do cx-activate-item "fluid-8-1*Frame4*Table4*CheckButton2(Mesh Motion)")
(cx-gui-do cx-set-real-entry-list "fluid-8-1*Frame5*Table5*Frame1*Frame3(Mesh Motion)*Frame1*Table1*Frame1*Table1*Frame4*Table4*Frame1*Table1*Frame1(Rotational Velocity)*Table1(Rotational Velocity)*Frame1*Table1*RealEntry2(Speed)" '( 58.4296))
(cx-gui-do cx-activate-item "fluid-8-1*PanelButtons*PushButton1(OK)")
(cx-gui-do cx-set-list-tree-selections "NavigationPane*List_Tree1" (list "Setup|Boundary Conditions|blades (wall)"))
(cx-gui-do cx-set-list-tree-selections "NavigationPane*List_Tree1" (list "Setup|Boundary Conditions|blades (wall)"))
(cx-gui-do cx-activate-item "NavigationPane*List_Tree1")
(cx-gui-do cx-set-toggle-button "wall-12-1*Frame4*Frame1(Momentum)*Frame1*Table1*Frame1*Frame1*Frame1*Table1*Frame1(Wall Motion)*ToggleBox1(Wall Motion)*Moving Wall" #f)
(cx-gui-do cx-activate-item "wall-12-1*Frame4*Frame1(Momentum)*Frame1*Table1*Frame1*Frame1*Frame1*Table1*Frame1(Wall Motion)*ToggleBox1(Wall Motion)*Moving Wall")
(cx-gui-do cx-set-toggle-button "wall-12-1*Frame4*Frame1(Momentum)*Frame1*Table1*Frame1*Frame1*Frame1*Table1*Frame2(Motion)*Table2(Motion)*Frame1*Table1*Frame2*ToggleBox2*Rotational" #f)
(cx-gui-do cx-activate-item "wall-12-1*Frame4*Frame1(Momentum)*Frame1*Table1*Frame1*Frame1*Frame1*Table1*Frame2(Motion)*Table2(Motion)*Frame1*Table1*Frame2*ToggleBox2*Rotational")
(cx-gui-do cx-activate-item "wall-12-1*PanelButtons*PushButton1(OK)")
(cx-gui-do cx-set-list-tree-selections "NavigationPane*List_Tree1" (list "Setup|Boundary Conditions|inlet (velocity-inlet)"))
(cx-gui-do cx-set-list-tree-selections "NavigationPane*List_Tree1" (list "Setup|Boundary Conditions|inlet (velocity-inlet)"))
(cx-gui-do cx-activate-item "NavigationPane*List_Tree1")
(cx-gui-do cx-set-real-entry-list "velocity-inlet-14-1*Frame4*Frame1(Momentum)*Frame1*Table1*Frame12*Table12*RealEntry2(Velocity Magnitude)" '( 7.3037))
(cx-gui-do cx-activate-item "velocity-inlet-14-1*PanelButtons*PushButton1(OK)")
(cx-gui-do cx-set-list-tree-selections "NavigationPane*List_Tree1" (list "Setup|Reference Values"))
(cx-gui-do cx-set-list-selections "Reference Values*DropDownList1(Compute from)" '( 9))
(cx-gui-do cx-activate-item "Reference Values*DropDownList1(Compute from)")
(cx-gui-do cx-set-list-selections "Reference Values*DropDownList3(Reference Zone)" '( 1))
(cx-gui-do cx-activate-item "Reference Values*DropDownList3(Reference Zone)")
(cx-gui-do cx-set-real-entry-list "Reference Values*Frame2(Reference Values)*Table2(Reference Values)*RealEntry1(Area)" '( 0.2))
(cx-gui-do cx-activate-item "Reference Values*Frame2(Reference Values)*Table2(Reference Values)*RealEntry1(Area)")
(cx-gui-do cx-set-real-entry-list "Reference Values*Frame2(Reference Values)*Table2(Reference Values)*RealEntry5(Length)" '( 0.1))
(cx-gui-do cx-activate-item "Reference Values*Frame2(Reference Values)*Table2(Reference Values)*RealEntry5(Length)")
(cx-gui-do cx-set-list-tree-selections "NavigationPane*List_Tree1" (list "Solution"))
(cx-gui-do cx-set-list-tree-selections "NavigationPane*List_Tree1" (list "Solution|Monitors"))
(cx-gui-do cx-set-list-tree-selections "NavigationPane*List_Tree1" (list "Solution|Monitors|Moment"))
(cx-gui-do cx-list-tree-right-click "NavigationPane*List_Tree1" )
(cx-gui-do cx-activate-item "MenuBar*PopupMenuTree-Moment*New...")
(cx-gui-do cx-set-list-selections "Force Moment Monitor*Frame1*Table1*Frame2*Table2*Frame1*List1(Wall Zones)" '( 0))
(cx-gui-do cx-activate-item "Force Moment Monitor*Frame1*Table1*Frame2*Table2*Frame1*List1(Wall Zones)")
(cx-gui-do cx-set-toggle-button "Force Moment Monitor*Frame1*Table1*Frame1*Table1*Frame1(Options)*Table1(Options)*CheckButton1(Print to Console)" #f)
(cx-gui-do cx-activate-item "Force Moment Monitor*Frame1*Table1*Frame1*Table1*Frame1(Options)*Table1(Options)*CheckButton1(Print to Console)")
(cx-gui-do cx-set-toggle-button "Force Moment Monitor*Frame1*Table1*Frame1*Table1*Frame1(Options)*Table1(Options)*CheckButton2(Plot)" #f)
(cx-gui-do cx-activate-item "Force Moment Monitor*Frame1*Table1*Frame1*Table1*Frame1(Options)*Table1(Options)*CheckButton2(Plot)")
(cx-gui-do cx-activate-item "Force Moment Monitor*Frame1*Table1*Frame1*Table1*Frame1(Options)*Table1(Options)*Frame3*Table3*Frame3*Table3*ButtonBox2*PushButton2(Axes)")
(cx-gui-do cx-set-toggle-button "Axes*Frame1*Table1*Frame1*Frame1(Axis)*ToggleBox1(Axis)*Y" #f)
(cx-gui-do cx-activate-item "Axes*Frame1*Table1*Frame1*Frame1(Axis)*ToggleBox1(Axis)*Y")
(cx-gui-do cx-activate-item "Axes*PanelButtons*PushButton1(OK)")
(cx-gui-do cx-activate-item "Axes*PanelButtons*PushButton2(Cancel)")
(cx-gui-do cx-set-toggle-button "Force Moment Monitor*Frame1*Table1*Frame1*Table1*Frame1(Options)*Table1(Options)*CheckButton4(Write)" #f)
(cx-gui-do cx-activate-item "Force Moment Monitor*Frame1*Table1*Frame1*Table1*Frame1(Options)*Table1(Options)*CheckButton4(Write)")
(cx-gui-do cx-set-text-entry "Force Moment Monitor*Frame1*Table1*Frame1*Table1*Frame1(Options)*Table1(Options)*Frame5*Table5*TextEntry2(File Name)" "CT15-180")
(cx-gui-do cx-activate-item "Force Moment Monitor*PanelButtons*PushButton1(OK)")
(cx-gui-do cx-set-list-tree-selections "NavigationPane*List_Tree1" (list "Solution|Monitors|Moment"))
(cx-gui-do cx-list-tree-right-click "NavigationPane*List_Tree1" )
(cx-gui-do cx-set-list-tree-selections "NavigationPane*List_Tree1" (list "Solution|Monitors|Moment|cm-1"))
(cx-gui-do cx-set-list-tree-selections "NavigationPane*List_Tree1" (list "Solution|Monitors|Moment|cm-1"))
(cx-gui-do cx-activate-item "NavigationPane*List_Tree1")
(cx-gui-do cx-activate-item "Force Moment Monitor*PanelButtons*PushButton1(Clear)")
(cx-gui-do cx-activate-item "Error*OK")
(cx-gui-do cx-activate-item "Force Moment Monitor*PanelButtons*PushButton1(OK)")
(cx-gui-do cx-set-list-tree-selections "NavigationPane*List_Tree1" (list "Solution|Solution Initialization"))
(cx-gui-do cx-set-toggle-button "Solution Initialization*Frame1*Table1*Frame3(Initialization Methods)*ToggleBox3(Initialization Methods)*Hybrid  Initialization" #f)
(cx-gui-do cx-activate-item "Solution Initialization*Frame1*Table1*Frame3(Initialization Methods)*ToggleBox3(Initialization Methods)*Hybrid  Initialization")
(cx-gui-do cx-activate-item "Solution Initialization*Frame1*Table1*ButtonBox10*PushButton2(Initialize)")
(cx-gui-do cx-set-list-tree-selections "NavigationPane*List_Tree1" (list "Solution|Calculation Activities|Autosave (Every Time Steps)"))
(cx-gui-do cx-set-list-tree-selections "NavigationPane*List_Tree1" (list "Solution|Calculation Activities"))
(cx-gui-do cx-activate-item "Calculation Activities*PushButton3(Edit)")
(cx-gui-do cx-set-toggle-button "Autosave*Frame5(File Storage Options)*ToggleBox5(File Storage Options)*CheckButton1(Retain Only the Most Recent Files)" #f)
(cx-gui-do cx-activate-item "Autosave*Frame5(File Storage Options)*ToggleBox5(File Storage Options)*CheckButton1(Retain Only the Most Recent Files)")
(cx-gui-do cx-set-integer-entry "Autosave*Frame5(File Storage Options)*ToggleBox5(File Storage Options)*IntegerEntry2(     Maximum Number of Data Files)" 4)
(cx-gui-do cx-activate-item "Autosave*Frame5(File Storage Options)*ToggleBox5(File Storage Options)*IntegerEntry2(     Maximum Number of Data Files)")
(cx-gui-do cx-activate-item "Autosave*Frame5(File Storage Options)*ToggleBox5(File Storage Options)*IntegerEntry2(     Maximum Number of Data Files)")
(cx-gui-do cx-set-integer-entry "Autosave*Frame5(File Storage Options)*ToggleBox5(File Storage Options)*IntegerEntry2(     Maximum Number of Data Files)" 3)
(cx-gui-do cx-activate-item "Autosave*Frame5(File Storage Options)*ToggleBox5(File Storage Options)*IntegerEntry2(     Maximum Number of Data Files)")
(cx-gui-do cx-activate-item "Autosave*Frame5(File Storage Options)*ToggleBox5(File Storage Options)*IntegerEntry2(     Maximum Number of Data Files)")
(cx-gui-do cx-set-integer-entry "Autosave*Frame5(File Storage Options)*ToggleBox5(File Storage Options)*IntegerEntry2(     Maximum Number of Data Files)" 2)
(cx-gui-do cx-activate-item "Autosave*Frame5(File Storage Options)*ToggleBox5(File Storage Options)*IntegerEntry2(     Maximum Number of Data Files)")
(cx-gui-do cx-set-integer-entry "Autosave*Frame5(File Storage Options)*ToggleBox5(File Storage Options)*IntegerEntry2(     Maximum Number of Data Files)" 1)
(cx-gui-do cx-activate-item "Autosave*Frame5(File Storage Options)*ToggleBox5(File Storage Options)*IntegerEntry2(     Maximum Number of Data Files)")
(cx-gui-do cx-activate-item "Autosave*PanelButtons*PushButton1(OK)")
(cx-gui-do cx-set-list-tree-selections "NavigationPane*List_Tree1" (list "Solution|Run Calculation"))
(cx-gui-do cx-set-real-entry-list "Run Calculation*Frame1*Table1*Frame6*Table6*RealEntry1(Time Step Size)" '( 0.00059742))
(cx-gui-do cx-activate-item "Run Calculation*Frame1*Table1*Frame6*Table6*RealEntry1(Time Step Size)")
(cx-gui-do cx-set-integer-entry "Run Calculation*Frame1*Table1*Frame6*Table6*IntegerEntry2(Number of Time Steps)" 2160)
(cx-gui-do cx-activate-item "Run Calculation*Frame1*Table1*Frame6*Table6*IntegerEntry2(Number of Time Steps)")
(cx-gui-do cx-set-integer-entry "Run Calculation*Frame1*Table1*IntegerEntry9(Number of Iterations)" 50)
(cx-gui-do cx-activate-item "Run Calculation*Frame1*Table1*IntegerEntry9(Number of Iterations)")
(cx-gui-do cx-activate-item "Run Calculation*Frame1*Table1*PushButton21(Calculate)")
(cx-gui-do cx-activate-item "Information*OK")
(%cx-warning-dialog "OK to quit?" #f)
(cx-gui-do cx-activate-item "Warning*OK")
/exit y
