(cx-gui-do cx-activate-item "MenuBar*ReadSubMenu*Case...")
(cx-gui-do cx-set-text-entry "Select File*FilterText" "d:\thesis\deflector\journal\*")
(cx-gui-do cx-activate-item "Select File*Apply")
(cx-gui-do cx-set-text-entry "Select File*Text" "CFDCASE.cas")
(cx-gui-do cx-activate-item "Select File*OK")
(cx-gui-do cx-activate-item "MenuBar*ReadSubMenu*Mesh...")
(cx-gui-do cx-set-toggle-button "Read Mesh Options*Frame1(Options)*Table1(Options)*ToggleBox1*Replace mesh" #f)
(cx-gui-do cx-activate-item "Read Mesh Options*Frame1(Options)*Table1(Options)*ToggleBox1*Replace mesh")
(cx-gui-do cx-activate-item "Read Mesh Options*PanelButtons*PushButton1(OK)")
(cx-gui-do cx-set-text-entry "Select File*FilterText" "d:\thesis\workingspace\*")
(cx-gui-do cx-activate-item "Select File*Apply")
(cx-gui-do cx-set-text-entry "Select File*Text" "170213212221157.msh")
(cx-gui-do cx-activate-item "Select File*OK")
(cx-gui-do cx-activate-item "General*Frame1*Table1*Frame1(Mesh)*ButtonBox1(Mesh)*PushButton1(Scale)")
(cx-gui-do cx-set-list-selections "Scale Mesh*Frame2(Scaling)*Table2(Scaling)*DropDownList2(Mesh Was Created In)" '( 3))
(cx-gui-do cx-activate-item "Scale Mesh*Frame2(Scaling)*Table2(Scaling)*DropDownList2(Mesh Was Created In)")
(cx-gui-do cx-activate-item "Scale Mesh*Frame2(Scaling)*Table2(Scaling)*PushButton4(Scale)")
(cx-gui-do cx-activate-item "Warning*PanelButtons*PushButton1(OK)")
(cx-gui-do cx-activate-item "Scale Mesh*PanelButtons*PushButton1(Close)")
(cx-gui-do cx-set-list-tree-selections "NavigationPane*List_Tree1" (list "Setup"))
(cx-gui-do cx-set-list-tree-selections "NavigationPane*List_Tree1" (list "Setup"))
(cx-gui-do cx-list-tree-right-click "NavigationPane*List_Tree1" )
(cx-gui-do cx-set-list-tree-selections "NavigationPane*List_Tree1" (list "Setup|Mesh Interfaces"))
(cx-gui-do cx-set-list-tree-selections "NavigationPane*List_Tree1" (list "Setup|Mesh Interfaces"))
(cx-gui-do cx-list-tree-right-click "NavigationPane*List_Tree1" )
(cx-gui-do cx-activate-item "MenuBar*PopupMenuTree-Mesh Interfaces*New...")
(cx-gui-do cx-set-list-selections "Create/Edit Mesh Interfaces *Frame1*Table1*Frame2*List2" '( 0))
(cx-gui-do cx-activate-item "Create/Edit Mesh Interfaces *Frame1*Table1*Frame2*List2")
(cx-gui-do cx-set-list-selections "Create/Edit Mesh Interfaces *Frame1*Table1*Frame3*List3" '( 1))
(cx-gui-do cx-activate-item "Create/Edit Mesh Interfaces *Frame1*Table1*Frame3*List3")
(cx-gui-do cx-set-text-entry "Create/Edit Mesh Interfaces *Frame1*Table1*TextEntry4(Mesh Interface)" "contact")
(cx-gui-do cx-activate-item "Create/Edit Mesh Interfaces *PanelButtons*PushButton1(OK)")
(cx-gui-do cx-activate-item "Create/Edit Mesh Interfaces *PanelButtons*PushButton2(Cancel)")
(cx-gui-do cx-set-list-tree-selections "NavigationPane*List_Tree1" (list "Setup|Boundary Conditions|advancing (wall)"))
(cx-gui-do cx-set-list-tree-selections "NavigationPane*List_Tree1" (list "Setup|Boundary Conditions|advancing (wall)"))
(cx-gui-do cx-activate-item "NavigationPane*List_Tree1")
(cx-gui-do cx-activate-item "wall-20-1*PanelButtons*PushButton1(OK)")
(cx-gui-do cx-set-list-tree-selections "NavigationPane*List_Tree1" (list "Setup|Reference Values"))
(cx-gui-do cx-set-list-selections "Reference Values*DropDownList1(Compute from)" '( 7))
(cx-gui-do cx-activate-item "Reference Values*DropDownList1(Compute from)")
(cx-gui-do cx-set-list-tree-selections "NavigationPane*List_Tree1" (list "Solution|Monitors|Moment|total-torque"))
(cx-gui-do cx-set-list-tree-selections "NavigationPane*List_Tree1" (list "Solution|Monitors|Moment|total-torque"))
(cx-gui-do cx-list-tree-right-click "NavigationPane*List_Tree1" )
(cx-gui-do cx-activate-item "MenuBar*PopupMenuTree-total-torque*Edit...")
(cx-gui-do cx-set-text-entry "Force Moment Monitor*Frame1*Table1*Frame1*Table1*Frame1(Options)*Table1(Options)*Frame5*Table5*TextEntry2(File Name)" "meshcase")
(cx-gui-do cx-activate-item "Force Moment Monitor*PanelButtons*PushButton1(OK)")
(cx-gui-do cx-set-list-tree-selections "NavigationPane*List_Tree1" (list "Solution|Solution Initialization"))
(cx-gui-do cx-activate-item "Solution Initialization*Frame1*Table1*ButtonBox10*PushButton2(Initialize)")
(cx-gui-do cx-set-list-tree-selections "NavigationPane*List_Tree1" (list "Solution|Run Calculation"))
(cx-gui-do cx-set-integer-entry "Run Calculation*Frame1*Table1*Frame6*Table6*IntegerEntry2(Number of Time Steps)" 5)
(cx-gui-do cx-activate-item "Run Calculation*Frame1*Table1*Frame6*Table6*IntegerEntry2(Number of Time Steps)")
(cx-gui-do cx-activate-item "Run Calculation*Frame1*Table1*PushButton21(Calculate)")
(cx-gui-do cx-activate-item "Information*OK")
(%cx-warning-dialog "OK to quit?" #f)
(cx-gui-do cx-activate-item "Warning*OK")
/exit y
