(cx-gui-do cx-activate-item "MenuBar*ReadSubMenu*Case & Data...")
(cx-gui-do cx-set-text-entry "Select File*Text" "OPT-DENSE-1-04330.cas")
(cx-gui-do cx-activate-item "Select File*OK")
(cx-gui-do cx-activate-item "MenuBar*ExportSubMenu*Solution Data...")
(cx-gui-do cx-set-list-selections "Export*Frame1*Table1*Frame2*Table2*DropDownList1(File Type)" '( 1))
(cx-gui-do cx-activate-item "Export*Frame1*Table1*Frame2*Table2*DropDownList1(File Type)")
(cx-gui-do cx-set-list-selections "Export*Frame1*Table1*Frame4*List4(Surfaces)" '( 0))
(cx-gui-do cx-activate-item "Export*Frame1*Table1*Frame4*List4(Surfaces)")
(cx-gui-do cx-set-list-selections "Export*Frame1*Table1*Frame4*List4(Surfaces)" '( 0 10))
(cx-gui-do cx-activate-item "Export*Frame1*Table1*Frame4*List4(Surfaces)")
(cx-gui-do cx-set-list-selections "Export*Frame1*Table1*Frame5*List5(Quantities)" '( 0))
(cx-gui-do cx-activate-item "Export*Frame1*Table1*Frame5*List5(Quantities)")
(cx-gui-do cx-set-list-selections "Export*Frame1*Table1*Frame5*List5(Quantities)" '( 0 2))
(cx-gui-do cx-activate-item "Export*Frame1*Table1*Frame5*List5(Quantities)")
(cx-gui-do cx-set-list-selections "Export*Frame1*Table1*Frame5*List5(Quantities)" '( 0 2 3))
(cx-gui-do cx-activate-item "Export*Frame1*Table1*Frame5*List5(Quantities)")
(cx-gui-do cx-set-list-selections "Export*Frame1*Table1*Frame5*List5(Quantities)" '( 0 2 3 4))
(cx-gui-do cx-activate-item "Export*Frame1*Table1*Frame5*List5(Quantities)")
(cx-gui-do cx-set-list-selections "Export*Frame1*Table1*Frame5*List5(Quantities)" '( 0 2 3 4 5))
(cx-gui-do cx-activate-item "Export*Frame1*Table1*Frame5*List5(Quantities)")
(cx-gui-do cx-set-list-selections "Export*Frame1*Table1*Frame5*List5(Quantities)" '( 0 2 3 4 5 47))
(cx-gui-do cx-activate-item "Export*Frame1*Table1*Frame5*List5(Quantities)")
(cx-gui-do cx-set-list-selections "Export*Frame1*Table1*Frame5*List5(Quantities)" '( 0 2 3 4 5 47 48))
(cx-gui-do cx-activate-item "Export*Frame1*Table1*Frame5*List5(Quantities)")
(cx-gui-do cx-set-list-selections "Export*Frame1*Table1*Frame5*List5(Quantities)" '( 0 2 3 4 5 47 48 52))
(cx-gui-do cx-activate-item "Export*Frame1*Table1*Frame5*List5(Quantities)")
(cx-gui-do cx-set-list-selections "Export*Frame1*Table1*Frame5*List5(Quantities)" '( 0 2 3 4 5 47 48 52 53))
(cx-gui-do cx-activate-item "Export*Frame1*Table1*Frame5*List5(Quantities)")
(cx-gui-do cx-activate-item "Export*PanelButtons*PushButton1(OK)")
(cx-gui-do cx-set-text-entry "Select File*Text" "data extracted")
(cx-gui-do cx-activate-item "Select File*OK")
(cx-gui-do cx-activate-item "Export*PanelButtons*PushButton2(Cancel)")
(cx-gui-do cx-activate-item "MenuBar*FileMenu*Exit")
